{
  "Id": 7199674794240,
  "Email": "egnition_sample_29@egnition.com",
  "FirstName": "Vitest",
  "LastName": "Customer",
  "OrdersCount": 0,
  "State": "disabled",
  "TotalSpent": 0,
  "LastOrderId": null,
  "Note": null,
  "VerifiedEmail": true,
  "MultipassIdentifier": null,
  "TaxExempt": false,
  "Tags": "egnition-sample-data, referral",
  "LastOrderName": null,
  "Phone": "+2911126279",
  "TaxExemptions": [],
  "GraphqlGid": "gid://shopify/Customer/7199674794240",
  "AdminUrl": "https://coda-pack-test.myshopify.com/admin/customers/7199674794240",
  "Display": "Vitest Customer",
  "DefaultAddress": {
    "Display": "Edward Hahn, Ap #147-5705 Nonummy Street, Maubeuge, Eritrea",
    "Id": 8711929757952,
    "FirstName": "Edward",
    "LastName": "Hahn",
    "Company": null,
    "Address1": "Ap #147-5705 Nonummy Street",
    "Address2": null,
    "City": "Maubeuge",
    "Province": null,
    "Country": "Eritrea",
    "Zip": "7759",
    "Phone": "+2911122150",
    "Name": "Edward Hahn",
    "ProvinceCode": null,
    "CountryCode": "ER",
    "CountryName": "Eritrea",
    "Default": true
  },
  "Addresses": [
    {
      "Display": "Edward Hahn, Ap #147-5705 Nonummy Street, Maubeuge, Eritrea",
      "Id": 8711929757952,
      "FirstName": "Edward",
      "LastName": "Hahn",
      "Company": null,
      "Address1": "Ap #147-5705 Nonummy Street",
      "Address2": null,
      "City": "Maubeuge",
      "Province": null,
      "Country": "Eritrea",
      "Zip": "7759",
      "Phone": "+2911122150",
      "Name": "Edward Hahn",
      "ProvinceCode": null,
      "CountryCode": "ER",
      "CountryName": "Eritrea",
      "Default": true
    }
  ],
  "AcceptsEmailMarketing": false,
  "AcceptsSmsMarketing": false
}