[
  {
    "id": 62614470912,
    "admin_graphql_api_id": "gid://shopify/Metaobject/62614470912",
    "handle": "vitest",
    "admin_url": "https://coda-pack-test.myshopify.com/admin/content/entries/test/62614470912",
    "status": "ACTIVE",
    "name": "Vitest",
    "single_line_text": "single line test NEW2",
    "multiple_line_text": "multiple\nlines\ntest",
    "integer": 50,
    "decimal": 12.4,
    "date_time": "2024-02-23T04:00:00+01:00",
    "date": "2024-02-10",
    "dimension": "10mm",
    "volume": "50ml",
    "weight": "2.3kg",
    "rich_text": null,
    "boolean": true,
    "color": "#ffffff",
    "rating": 4.12,
    "url": "https://coda.io/",
    "money": 12,
    "json": null,
    "file": {
      "id": "gid://shopify/MediaImage/32761426903296",
      "name": "NOT_FOUND"
    },
    "collection_reference": {
      "id": 413087301888,
      "title": "NOT_FOUND"
    },
    "metaobject_reference": {
      "id": 49386356992,
      "name": "NOT_FOUND"
    },
    "mixed_reference": null,
    "list_mixed_reference": [
      "gid://shopify/Metaobject/49386356992",
      "gid://shopify/Metaobject/49393238272"
    ],
    "page_reference": {
      "id": 106374332672,
      "title": "NOT_FOUND"
    },
    "product_reference": {
      "id": 8406089072896,
      "title": "NOT_FOUND"
    },
    "list_product_reference": [
      {
        "id": 8406090776832,
        "title": "NOT_FOUND"
      },
      {
        "id": 8406088941824,
        "title": "NOT_FOUND"
      },
      {
        "id": 8406091333888,
        "title": "NOT_FOUND"
      }
    ],
    "product_variant_reference": {
      "id": 44365631586560,
      "title": "NOT_FOUND"
    }
  },
  {
    "id": 49386356992,
    "admin_graphql_api_id": "gid://shopify/Metaobject/49386356992",
    "handle": "test3",
    "admin_url": "https://coda-pack-test.myshopify.com/admin/content/entries/test/49386356992",
    "status": "ACTIVE",
    "name": "Test",
    "single_line_text": "single line test NEW2",
    "multiple_line_text": "multiple\nlines\ntest\njjjj",
    "integer": 17,
    "decimal": 12.4,
    "date_time": "2024-02-23T04:00:00+01:00",
    "date": "2024-02-10",
    "dimension": "10mm",
    "volume": "50ml",
    "weight": "2.3kg",
    "rich_text": "<h1>Heading</h1><p>This is a <strong>rich</strong> <em>text</em> example</p>",
    "boolean": true,
    "color": "#ffffff",
    "rating": 4.12,
    "url": "https://coda.io/",
    "money": 12,
    "json": null,
    "file": {
      "id": "gid://shopify/MediaImage/32761426903296",
      "name": "NOT_FOUND"
    },
    "collection_reference": {
      "id": 413087301888,
      "title": "NOT_FOUND"
    },
    "metaobject_reference": {
      "id": 49386356992,
      "name": "NOT_FOUND"
    },
    "mixed_reference": null,
    "list_mixed_reference": [
      "gid://shopify/Metaobject/49386356992",
      "gid://shopify/Metaobject/49393238272"
    ],
    "page_reference": {
      "id": 106374332672,
      "title": "NOT_FOUND"
    },
    "product_reference": {
      "id": 8406089072896,
      "title": "NOT_FOUND"
    },
    "list_product_reference": [
      {
        "id": 8406090776832,
        "title": "NOT_FOUND"
      },
      {
        "id": 8406088941824,
        "title": "NOT_FOUND"
      },
      {
        "id": 8406091333888,
        "title": "NOT_FOUND"
      }
    ],
    "product_variant_reference": {
      "id": 44365639713024,
      "title": "NOT_FOUND"
    }
  }
]