[
  {
    "id": 8406091333888,
    "title": "Vitest Product",
    "admin_url": "https://coda-pack-test.myshopify.com/admin/products/8406091333888",
    "body": "The adidas BP Classic Cap features a pre-curved brim to keep your face shaded, while a hook-and-loop adjustable closure provides a comfortable fit. With a 3-Stripes design and reflective accents. The perfect piece to top off any outfit.",
    "body_html": "The adidas BP Classic Cap features a pre-curved brim to keep your face shaded, while a hook-and-loop adjustable closure provides a comfortable fit. With a 3-Stripes design and reflective accents. The perfect piece to top off any outfit.",
    "published": false,
    "status": "ACTIVE",
    "admin_graphql_api_id": "gid://shopify/Product/8406091333888",
    "published_at": "2024-03-14T12:44:36Z",
    "handle": "vitest-product",
    "product_type": "TEST",
    "tags": "adidas, backpack, egnition-sample-data",
    "template_suffix": null,
    "vendor": "ADIDAS",
    "storeUrl": null,
    "featuredImage": "https://cdn.shopify.com/s/files/1/0690/5400/5504/files/8072c8b5718306d4be25aac21836ce16_4f2bddbf-7c4a-440e-b5a4-062301677092.jpg?v=1714950660",
    "giftCard": false,
    "lgs_meta__custom.boolean": true,
    "lgs_meta__custom.date_time": "2024-01-03T01:30:00+01:00",
    "lgs_meta__global.description_tag": "test description",
    "lgs_meta__global.title_tag": "vitest",
    "lgs_meta__custom.color": "#cccccc",
    "options": "Size,Color",
    "images": [
      "https://cdn.shopify.com/s/files/1/0690/5400/5504/files/8072c8b5718306d4be25aac21836ce16_4f2bddbf-7c4a-440e-b5a4-062301677092.jpg?v=1714950660",
      "https://cdn.shopify.com/s/files/1/0690/5400/5504/files/32b3863554f4686d825d9da18a24cfc6_8424182b-46f7-432b-8878-6d6bfbd35d8d.jpg?v=1714950660",
      "https://cdn.shopify.com/s/files/1/0690/5400/5504/files/044f848776141f1024eae6c610a28d12_64565eed-14b5-4b9c-ae48-e4857e2b994b.jpg?v=1714950660"
    ]
  }
]