{
  "Label": "custom.test",
  "GraphqlGid": "gid://shopify/Metafield/27141965611264",
  "Id": 27141965611264,
  "Key": "test",
  "Namespace": "custom",
  "Type": "single_line_text_field",
  "RawValue": "vitest",
  "OwnerType": "ARTICLE",
  "OwnerId": 589065715968,
  "AdminUrl": "https://coda-pack-test.myshopify.com/admin/articles/589065715968/metafields/unstructured"
}