[
  {
    "id": 589065715968,
    "title": "Vitest",
    "body_html": "<p>test body html</p>",
    "blog_id": 91627159808,
    "author": "Martin",
    "user_id": null,
    "published_at": "2024-05-12T13:39:52-04:00",
    "summary_html": "<p>summary_html test</p>",
    "template_suffix": null,
    "handle": "vitest",
    "tags": "tag1, tag2",
    "admin_graphql_api_id": "gid://shopify/OnlineStoreArticle/589065715968",
    "image": {
      "alt": "alt text",
      "width": 512,
      "height": 512,
      "src": "https://cdn.shopify.com/s/files/1/0690/5400/5504/articles/9908191.png?v=1719056218"
    }
  },
  {
    "id": 588854919424,
    "title": "Vitest",
    "body_html": "<p>test body html</p>",
    "blog_id": 91627159808,
    "author": "Martin",
    "user_id": null,
    "published_at": "2024-06-22T17:34:08-04:00",
    "summary_html": "<p>summary_html test</p>",
    "template_suffix": null,
    "handle": "vitest-update-test",
    "tags": "test, test2",
    "admin_graphql_api_id": "gid://shopify/OnlineStoreArticle/588854919424",
    "image": {
      "alt": "dummy",
      "width": 2560,
      "height": 1920,
      "src": "https://cdn.shopify.com/s/files/1/0690/5400/5504/articles/450cb81032f06cb5d3ce8430e41dcc10a2d8a558a6c76f86beeb2c070ec579ee.jpg?v=1719091765"
    }
  }
]