[
  {
    "id": 27141965021440,
    "namespace": "global",
    "key": "description_tag",
    "value": "SEO description",
    "description": null,
    "owner_id": 589065715968,
    "owner_resource": "article",
    "type": "single_line_text_field",
    "admin_graphql_api_id": "gid://shopify/Metafield/27141965021440"
  },
  {
    "id": 27141965054208,
    "namespace": "global",
    "key": "title_tag",
    "value": "vitest",
    "description": null,
    "owner_id": 589065715968,
    "owner_resource": "article",
    "type": "single_line_text_field",
    "admin_graphql_api_id": "gid://shopify/Metafield/27141965054208"
  },
  {
    "id": 27141965611264,
    "namespace": "custom",
    "key": "test",
    "value": "vitest",
    "description": null,
    "owner_id": 589065715968,
    "owner_resource": "article",
    "type": "single_line_text_field",
    "admin_graphql_api_id": "gid://shopify/Metafield/27141965611264"
  }
]