{
  "id": 35236133667072,
  "collection_id": 413874323712,
  "product_id": 8406091235584,
  "created_at": "2024-04-29T08:05:13-04:00",
  "position": 2,
  "sort_value": "0000000002"
}