{
  "__typename": "MediaImage",
  "id": "gid://shopify/MediaImage/34028708233472",
  "alt": "test alt",
  "preview": {
    "image": {
      "url": "https://cdn.shopify.com/s/files/1/0690/5400/5504/files/vitest.png?v=1718716233"
    }
  },
  "image": {
    "url": "https://cdn.shopify.com/s/files/1/0690/5400/5504/files/vitest.png?v=1718716233",
    "width": 330,
    "height": 330
  },
  "mimeType": "image/png",
  "originalSource": {
    "fileSize": 5328
  }
}