[
  {
    "id": "gid://shopify/OrderTransaction/6478742913280",
    "kind": "SALE",
    "status": "SUCCESS",
    "gateway": "bogus",
    "authorizationCode": "53433",
    "authorizationExpiresAt": null,
    "accountNumber": "•••• •••• •••• 1",
    "receiptJson": "{\"paid_amount\":\"50.00\"}",
    "settlementCurrency": null,
    "settlementCurrencyRate": null,
    "errorCode": null,
    "processedAt": "2024-02-22T09:12:06Z",
    "test": true,
    "paymentId": "rtYGgDZoR6f3m20ftoswzZ6Mk",
    "paymentIcon": {
      "url": "https://cdn.shopify.com/shopifycloud/shopify/assets/payment_icons/bogus-13c83bc142b1d1b69905f99e38a897f75581e477a1233254ce01e64b3e3ae2b8.svg.png"
    },
    "amountSet": {
      "shopMoney": {
        "amount": "50.0"
      },
      "presentmentMoney": {
        "currencyCode": "EUR"
      }
    },
    "totalUnsettledSet": {
      "shopMoney": {
        "amount": "0.0"
      }
    },
    "parentTransaction": null,
    "paymentDetails": {
      "paymentMethodName": "card",
      "avsResultCode": null,
      "bin": "1",
      "company": "Bogus",
      "cvvResultCode": null,
      "expirationMonth": 6,
      "expirationYear": 2026,
      "name": "Bogus Gateway",
      "number": "•••• •••• •••• 1",
      "wallet": null
    },
    "parentOrder": {
      "id": "gid://shopify/Order/5516156698880",
      "name": "#1021"
    }
  }
]