{
  "id": 417021952256,
  "path": "/vitest",
  "target": "https://coda.io/"
}