{
  "id": 27141965611264,
  "namespace": "custom",
  "key": "test",
  "value": "vitest",
  "description": null,
  "owner_id": 589065715968,
  "created_at": "2024-06-18T04:00:25-04:00",
  "owner_resource": "article",
  "type": "single_line_text_field",
  "admin_graphql_api_id": "gid://shopify/Metafield/27141965611264"
}