{
  "barcode": "123456789",
  "compareAtPrice": "60.00",
  "displayName": "Vitest Product - Vitest / ProductVariant",
  "id": "gid://shopify/ProductVariant/44365639713024",
  "inventoryPolicy": "DENY",
  "inventoryQuantity": 12,
  "position": 1,
  "price": "50.00",
  "taxable": true,
  "taxCode": "",
  "title": "Vitest / ProductVariant",
  "image": null,
  "inventoryItem": {
    "id": "gid://shopify/InventoryItem/46469099815168",
    "countryCodeOfOrigin": "ZA",
    "harmonizedSystemCode": "551221",
    "measurement": {
      "weight": {
        "unit": "GRAMS",
        "value": 850
      }
    },
    "provinceCodeOfOrigin": null,
    "requiresShipping": true,
    "sku": "vitest",
    "tracked": true,
    "unitCost": {
      "amount": "50.0",
      "currencyCode": "EUR"
    }
  },
  "product": {
    "id": "gid://shopify/Product/8406091333888",
    "onlineStoreUrl": null
  },
  "selectedOptions": [
    {
      "value": "Vitest"
    },
    {
      "value": "ProductVariant"
    }
  ]
}
