[
  {
    "id": 589065715968,
    "title": "Vitest",
    "created_at": "2024-04-01T17:33:21-04:00",
    "body_html": "<p>test body html</p>",
    "blog_id": 91627159808,
    "author": "Martin",
    "user_id": null,
    "published_at": "2024-05-12T13:39:52-04:00",
    "summary_html": "<p>summary_html test</p>",
    "template_suffix": null,
    "handle": "vitest",
    "tags": "tag1, tag2",
    "admin_graphql_api_id": "gid://shopify/OnlineStoreArticle/589065715968",
    "admin_url": "https://coda-pack-test.myshopify.com/admin/articles/589065715968",
    "body": "test body html",
    "published": true,
    "summary": "summary_html test",
    "image_alt_text": "alt text",
    "image_url": "https://cdn.shopify.com/s/files/1/0690/5400/5504/articles/360_F_143428338_gcxw3Jcd0tJpkvvb53pfEztwtU9sxsgT.jpg?v=1718697602",
    "blog": {
      "id": 91627159808,
      "title": "NOT_FOUND"
    }
  },
  {
    "id": 588854919424,
    "title": "Vitest",
    "created_at": "2024-02-20T13:35:27-05:00",
    "body_html": "<p>test body html</p>",
    "blog_id": 91627159808,
    "author": "Martin",
    "user_id": null,
    "published_at": "2024-05-12T13:39:52-04:00",
    "summary_html": "<p>summary_html test</p>",
    "template_suffix": null,
    "handle": "vitest-update-test",
    "tags": "tag1, tag2",
    "admin_graphql_api_id": "gid://shopify/OnlineStoreArticle/588854919424",
    "admin_url": "https://coda-pack-test.myshopify.com/admin/articles/588854919424",
    "body": "test body html",
    "published": true,
    "summary": "summary_html test",
    "image_alt_text": "alt text",
    "image_url": "https://cdn.shopify.com/s/files/1/0690/5400/5504/articles/360_F_143428338_gcxw3Jcd0tJpkvvb53pfEztwtU9sxsgT_b4fd6e66-9d6e-4205-9f0f-99b5abb02d27.jpg?v=1718902834",
    "blog": {
      "id": 91627159808,
      "title": "NOT_FOUND"
    }
  }
]