{
  "Id": 91627159808,
  "Handle": "vitest",
  "Title": "Vitest",
  "Commentable": "no",
  "CreatedAt": "2024-02-20T13:18:08-05:00",
  "TemplateSuffix": null,
  "Tags": "tag1, tag2",
  "GraphqlGid": "gid://shopify/OnlineStoreBlog/91627159808",
  "AdminUrl": "https://coda-pack-test.myshopify.com/admin/blogs/91627159808"
}