{
  "Id": 1143039000832,
  "Note": "A test note",
  "Email": "test@example.com",
  "TaxesIncluded": true,
  "Currency": "EUR",
  "InvoiceSentAt": null,
  "CreatedAt": "2024-04-11T12:57:23-04:00",
  "TaxExempt": false,
  "CompletedAt": "2024-04-11T12:59:09-04:00",
  "Name": "#D7",
  "Status": "completed",
  "InvoiceUrl": "https://coda-pack-test.myshopify.com/69054005504/invoices/c8965e213b4a88393cb5d29f6737b793",
  "AppliedDiscount": {},
  "ShippingLine": {},
  "TaxLines": [],
  "Tags": "tag, tag2, tag3",
  "NoteAttributes": [],
  "TotalPrice": 893.95,
  "SubtotalPrice": 893.95,
  "TotalTax": 0,
  "PaymentTerms": {},
  "GraphqlGid": "gid://shopify/DraftOrder/1143039000832",
  "AdminUrl": "https://coda-pack-test.myshopify.com/admin/draft_orders/1143039000832",
  "LineItems": [
    {
      "Id": 58328973574400,
      "VariantId": 44365639614720,
      "ProductId": 8406091235584,
      "ProductTitle": "ADIDAS | CLASSIC BACKPACK",
      "VariantTitle": "OS / black",
      "Sku": "AD-03-black-OS",
      "Vendor": "ADIDAS",
      "Quantity": 1,
      "RequiresShipping": true,
      "Taxable": true,
      "GiftCard": false,
      "FulfillmentService": "manual",
      "Grams": 555000,
      "TaxLines": [],
      "Name": "ADIDAS | CLASSIC BACKPACK - OS / black",
      "Properties": [],
      "Custom": false,
      "Price": 454
    },
    {
      "Id": 58328973607168,
      "VariantId": 44365638172928,
      "ProductId": 8406090383616,
      "ProductTitle": "CONVERSE | CHUCK TAYLOR ALL STAR II HI",
      "VariantTitle": "6 / black",
      "Sku": "C-02-black-6",
      "Vendor": "CONVERSE",
      "Quantity": 1,
      "RequiresShipping": true,
      "Taxable": true,
      "GiftCard": false,
      "FulfillmentService": "manual",
      "Grams": 0,
      "TaxLines": [],
      "Name": "CONVERSE | CHUCK TAYLOR ALL STAR II HI - 6 / black",
      "Properties": [],
      "Custom": false,
      "Price": 140
    },
    {
      "Id": 58328973639936,
      "VariantId": 44365635977472,
      "ProductId": 8406089629952,
      "ProductTitle": "TIMBERLAND | MENS 6 INCH PREMIUM BOOT",
      "VariantTitle": "11 / yellow",
      "Sku": "TM-01-yellow-11",
      "Vendor": "TIMBERLAND",
      "Quantity": 1,
      "RequiresShipping": true,
      "Taxable": true,
      "GiftCard": false,
      "FulfillmentService": "manual",
      "Grams": 0,
      "TaxLines": [],
      "Name": "TIMBERLAND | MENS 6 INCH PREMIUM BOOT - 11 / yellow",
      "Properties": [],
      "Custom": false,
      "Price": 299.95
    }
  ],
  "OrderId": 5586624381184,
  "BillingAddress": {
    "Display": "Martin Portevin, 3 Rue Fleischhauer, Colmar, France",
    "Longitude": 48.084281,
    "Latitude": 7.3592755,
    "FirstName": "Martin",
    "Address1": "3 Rue Fleischhauer",
    "Phone": null,
    "City": "Colmar",
    "Zip": "68000",
    "Province": null,
    "Country": "France",
    "LastName": "Portevin",
    "Address2": null,
    "Company": null,
    "Name": "Martin Portevin",
    "CountryCode": "FR",
    "ProvinceCode": null
  },
  "ShippingAddress": {
    "Display": "Martin Portevin, 3 Rue Fleischhauer, Colmar, France",
    "Longitude": 48.084281,
    "Latitude": 7.3592755,
    "FirstName": "Martin",
    "Address1": "3 Rue Fleischhauer",
    "Phone": null,
    "City": "Colmar",
    "Zip": "68000",
    "Province": null,
    "Country": "France",
    "LastName": "Portevin",
    "Address2": null,
    "Company": null,
    "Name": "Martin Portevin",
    "CountryCode": "FR",
    "ProvinceCode": null
  },
  "Customer": {
    "Id": 7203930865920,
    "Display": "Martin Portevin"
  },
  "Order": {
    "Id": 5586624381184,
    "Name": "NOT_FOUND"
  }
}