[
  {
    "label": "custom.list_weight",
    "admin_graphql_api_id": "gid://shopify/Metafield/25178713227520",
    "id": 25178713227520,
    "key": "list_weight",
    "namespace": "custom",
    "type": "list.weight",
    "rawValue": "[{\"value\":520.0,\"unit\":\"GRAMS\"},{\"value\":60.0,\"unit\":\"GRAMS\"},{\"value\":700.0,\"unit\":\"GRAMS\"}]",
    "created_at": "2024-02-20T22:15:01Z",
    "owner_type": "PRODUCT",
    "owner_id": 8406091235584,
    "owner": {
      "id": 8406091235584,
      "title": "NOT_FOUND"
    },
    "admin_url": "https://coda-pack-test.myshopify.com/admin/products/8406091235584/metafields",
    "definition_id": 17685184768,
    "definition": {
      "id": 17685184768,
      "name": "NOT_FOUND"
    }
  },
  {
    "label": "custom.list_volume",
    "admin_graphql_api_id": "gid://shopify/Metafield/25178713260288",
    "id": 25178713260288,
    "key": "list_volume",
    "namespace": "custom",
    "type": "list.volume",
    "rawValue": "[{\"value\":14.0,\"unit\":\"MILLILITERS\"},{\"value\":26.0,\"unit\":\"CUBIC_METERS\"}]",
    "created_at": "2024-02-20T22:15:01Z",
    "owner_type": "PRODUCT",
    "owner_id": 8406091235584,
    "owner": {
      "id": 8406091235584,
      "title": "NOT_FOUND"
    },
    "admin_url": "https://coda-pack-test.myshopify.com/admin/products/8406091235584/metafields",
    "definition_id": 17685152000,
    "definition": {
      "id": 17685152000,
      "name": "NOT_FOUND"
    }
  },
  {
    "label": "custom.list_url",
    "admin_graphql_api_id": "gid://shopify/Metafield/25178713325824",
    "id": 25178713325824,
    "key": "list_url",
    "namespace": "custom",
    "type": "list.url",
    "rawValue": "[\"https://coda.io/\",\"https://community.coda.io/\"]",
    "created_at": "2024-02-20T22:15:01Z",
    "owner_type": "PRODUCT",
    "owner_id": 8406091235584,
    "owner": {
      "id": 8406091235584,
      "title": "NOT_FOUND"
    },
    "admin_url": "https://coda-pack-test.myshopify.com/admin/products/8406091235584/metafields",
    "definition_id": 17685086464,
    "definition": {
      "id": 17685086464,
      "name": "NOT_FOUND"
    }
  },
  {
    "label": "custom.list_single_line_text_field",
    "admin_graphql_api_id": "gid://shopify/Metafield/25178713358592",
    "id": 25178713358592,
    "key": "list_single_line_text_field",
    "namespace": "custom",
    "type": "list.single_line_text_field",
    "rawValue": "[\"one\",\"two\",\"three\"]",
    "created_at": "2024-02-20T22:15:01Z",
    "owner_type": "PRODUCT",
    "owner_id": 8406091235584,
    "owner": {
      "id": 8406091235584,
      "title": "NOT_FOUND"
    },
    "admin_url": "https://coda-pack-test.myshopify.com/admin/products/8406091235584/metafields",
    "definition_id": 17685053696,
    "definition": {
      "id": 17685053696,
      "name": "NOT_FOUND"
    }
  },
  {
    "label": "custom.list_rating",
    "admin_graphql_api_id": "gid://shopify/Metafield/25178816643328",
    "id": 25178816643328,
    "key": "list_rating",
    "namespace": "custom",
    "type": "list.rating",
    "rawValue": "[{\"scale_min\":\"0.0\",\"scale_max\":\"5.0\",\"value\":\"2.0\"},{\"scale_min\":\"0.0\",\"scale_max\":\"5.0\",\"value\":\"1.25\"}]",
    "created_at": "2024-02-20T22:16:12Z",
    "owner_type": "PRODUCT",
    "owner_id": 8406091235584,
    "owner": {
      "id": 8406091235584,
      "title": "NOT_FOUND"
    },
    "admin_url": "https://coda-pack-test.myshopify.com/admin/products/8406091235584/metafields",
    "definition_id": 17685020928,
    "definition": {
      "id": 17685020928,
      "name": "NOT_FOUND"
    }
  },
  {
    "label": "custom.list_product_reference",
    "admin_graphql_api_id": "gid://shopify/Metafield/25178816676096",
    "id": 25178816676096,
    "key": "list_product_reference",
    "namespace": "custom",
    "type": "list.product_reference",
    "rawValue": "[\"gid://shopify/Product/8406088089856\",\"gid://shopify/Product/8406088220928\",\"gid://shopify/Product/8406089629952\",\"gid://shopify/Product/8406088843520\"]",
    "created_at": "2024-02-20T22:16:12Z",
    "owner_type": "PRODUCT",
    "owner_id": 8406091235584,
    "owner": {
      "id": 8406091235584,
      "title": "NOT_FOUND"
    },
    "admin_url": "https://coda-pack-test.myshopify.com/admin/products/8406091235584/metafields",
    "definition_id": 17684988160,
    "definition": {
      "id": 17684988160,
      "name": "NOT_FOUND"
    },
    "editProductReferenceList": [
      {
        "id": 8406088089856,
        "title": "NOT_FOUND"
      },
      {
        "id": 8406088220928,
        "title": "NOT_FOUND"
      },
      {
        "id": 8406089629952,
        "title": "NOT_FOUND"
      },
      {
        "id": 8406088843520,
        "title": "NOT_FOUND"
      }
    ]
  },
  {
    "label": "custom.list_number_decimal",
    "admin_graphql_api_id": "gid://shopify/Metafield/25178816741632",
    "id": 25178816741632,
    "key": "list_number_decimal",
    "namespace": "custom",
    "type": "list.number_decimal",
    "rawValue": "[\"1.14\",\"4.41\"]",
    "created_at": "2024-02-20T22:16:12Z",
    "owner_type": "PRODUCT",
    "owner_id": 8406091235584,
    "owner": {
      "id": 8406091235584,
      "title": "NOT_FOUND"
    },
    "admin_url": "https://coda-pack-test.myshopify.com/admin/products/8406091235584/metafields",
    "definition_id": 17684922624,
    "definition": {
      "id": 17684922624,
      "name": "NOT_FOUND"
    }
  },
  {
    "label": "custom.list_number_integer",
    "admin_graphql_api_id": "gid://shopify/Metafield/25178816774400",
    "id": 25178816774400,
    "key": "list_number_integer",
    "namespace": "custom",
    "type": "list.number_integer",
    "rawValue": "[1,2,3]",
    "created_at": "2024-02-20T22:16:12Z",
    "owner_type": "PRODUCT",
    "owner_id": 8406091235584,
    "owner": {
      "id": 8406091235584,
      "title": "NOT_FOUND"
    },
    "admin_url": "https://coda-pack-test.myshopify.com/admin/products/8406091235584/metafields",
    "definition_id": 17684889856,
    "definition": {
      "id": 17684889856,
      "name": "NOT_FOUND"
    }
  },
  {
    "label": "custom.list_mixed_reference",
    "admin_graphql_api_id": "gid://shopify/Metafield/25178816807168",
    "id": 25178816807168,
    "key": "list_mixed_reference",
    "namespace": "custom",
    "type": "list.mixed_reference",
    "rawValue": "[\"gid://shopify/Metaobject/49386356992\",\"gid://shopify/Metaobject/49393139968\",\"gid://shopify/Metaobject/49393172736\"]",
    "created_at": "2024-02-20T22:16:12Z",
    "owner_type": "PRODUCT",
    "owner_id": 8406091235584,
    "owner": {
      "id": 8406091235584,
      "title": "NOT_FOUND"
    },
    "admin_url": "https://coda-pack-test.myshopify.com/admin/products/8406091235584/metafields",
    "definition_id": 17684857088,
    "definition": {
      "id": 17684857088,
      "name": "NOT_FOUND"
    }
  },
  {
    "label": "custom.list_metaobject_reference",
    "admin_graphql_api_id": "gid://shopify/Metafield/25178816839936",
    "id": 25178816839936,
    "key": "list_metaobject_reference",
    "namespace": "custom",
    "type": "list.metaobject_reference",
    "rawValue": "[\"gid://shopify/Metaobject/49388814592\",\"gid://shopify/Metaobject/49393041664\",\"gid://shopify/Metaobject/49393205504\",\"gid://shopify/Metaobject/49393172736\"]",
    "created_at": "2024-02-20T22:16:12Z",
    "owner_type": "PRODUCT",
    "owner_id": 8406091235584,
    "owner": {
      "id": 8406091235584,
      "title": "NOT_FOUND"
    },
    "admin_url": "https://coda-pack-test.myshopify.com/admin/products/8406091235584/metafields",
    "definition_id": 17684824320,
    "definition": {
      "id": 17684824320,
      "name": "NOT_FOUND"
    }
  },
  {
    "label": "custom.list_file_reference",
    "admin_graphql_api_id": "gid://shopify/Metafield/25178957119744",
    "id": 25178957119744,
    "key": "list_file_reference",
    "namespace": "custom",
    "type": "list.file_reference",
    "rawValue": "[\"gid://shopify/MediaImage/32761424478464\",\"gid://shopify/MediaImage/32761426313472\"]",
    "created_at": "2024-02-20T22:17:07Z",
    "owner_type": "PRODUCT",
    "owner_id": 8406091235584,
    "owner": {
      "id": 8406091235584,
      "title": "NOT_FOUND"
    },
    "admin_url": "https://coda-pack-test.myshopify.com/admin/products/8406091235584/metafields",
    "definition_id": 17684791552,
    "definition": {
      "id": 17684791552,
      "name": "NOT_FOUND"
    },
    "editFileReferenceList": [
      {
        "id": "gid://shopify/MediaImage/32761424478464",
        "name": "NOT_FOUND"
      },
      {
        "id": "gid://shopify/MediaImage/32761426313472",
        "name": "NOT_FOUND"
      }
    ]
  },
  {
    "label": "custom.list_dimension",
    "admin_graphql_api_id": "gid://shopify/Metafield/25178957152512",
    "id": 25178957152512,
    "key": "list_dimension",
    "namespace": "custom",
    "type": "list.dimension",
    "rawValue": "[{\"value\":1.0,\"unit\":\"MILLIMETERS\"},{\"value\":54.0,\"unit\":\"CENTIMETERS\"}]",
    "created_at": "2024-02-20T22:17:07Z",
    "owner_type": "PRODUCT",
    "owner_id": 8406091235584,
    "owner": {
      "id": 8406091235584,
      "title": "NOT_FOUND"
    },
    "admin_url": "https://coda-pack-test.myshopify.com/admin/products/8406091235584/metafields",
    "definition_id": 17684758784,
    "definition": {
      "id": 17684758784,
      "name": "NOT_FOUND"
    }
  },
  {
    "label": "custom.list_date",
    "admin_graphql_api_id": "gid://shopify/Metafield/25178957185280",
    "id": 25178957185280,
    "key": "list_date",
    "namespace": "custom",
    "type": "list.date",
    "rawValue": "[\"2024-02-08\",\"2024-04-06\"]",
    "created_at": "2024-02-20T22:17:07Z",
    "owner_type": "PRODUCT",
    "owner_id": 8406091235584,
    "owner": {
      "id": 8406091235584,
      "title": "NOT_FOUND"
    },
    "admin_url": "https://coda-pack-test.myshopify.com/admin/products/8406091235584/metafields",
    "definition_id": 17684726016,
    "definition": {
      "id": 17684726016,
      "name": "NOT_FOUND"
    }
  },
  {
    "label": "custom.list_color",
    "admin_graphql_api_id": "gid://shopify/Metafield/25178957218048",
    "id": 25178957218048,
    "key": "list_color",
    "namespace": "custom",
    "type": "list.color",
    "rawValue": "[\"#ff0000\",\"#dddddd\",\"#fa7412\"]",
    "created_at": "2024-02-20T22:17:07Z",
    "owner_type": "PRODUCT",
    "owner_id": 8406091235584,
    "owner": {
      "id": 8406091235584,
      "title": "NOT_FOUND"
    },
    "admin_url": "https://coda-pack-test.myshopify.com/admin/products/8406091235584/metafields",
    "definition_id": 17684693248,
    "definition": {
      "id": 17684693248,
      "name": "NOT_FOUND"
    }
  },
  {
    "label": "custom.list_collection_reference",
    "admin_graphql_api_id": "gid://shopify/Metafield/25178957250816",
    "id": 25178957250816,
    "key": "list_collection_reference",
    "namespace": "custom",
    "type": "list.collection_reference",
    "rawValue": "[\"gid://shopify/Collection/413087301888\",\"gid://shopify/Collection/413087105280\",\"gid://shopify/Collection/413087039744\"]",
    "created_at": "2024-02-20T22:17:07Z",
    "owner_type": "PRODUCT",
    "owner_id": 8406091235584,
    "owner": {
      "id": 8406091235584,
      "title": "NOT_FOUND"
    },
    "admin_url": "https://coda-pack-test.myshopify.com/admin/products/8406091235584/metafields",
    "definition_id": 17684660480,
    "definition": {
      "id": 17684660480,
      "name": "NOT_FOUND"
    },
    "editCollectionReferenceList": [
      {
        "id": 413087301888,
        "title": "NOT_FOUND"
      },
      {
        "id": 413087105280,
        "title": "NOT_FOUND"
      },
      {
        "id": 413087039744,
        "title": "NOT_FOUND"
      }
    ]
  },
  {
    "label": "custom.weight",
    "admin_graphql_api_id": "gid://shopify/Metafield/25178957283584",
    "id": 25178957283584,
    "key": "weight",
    "namespace": "custom",
    "type": "weight",
    "rawValue": "{\"value\":687.0,\"unit\":\"GRAMS\"}",
    "created_at": "2024-02-20T22:17:07Z",
    "owner_type": "PRODUCT",
    "owner_id": 8406091235584,
    "owner": {
      "id": 8406091235584,
      "title": "NOT_FOUND"
    },
    "admin_url": "https://coda-pack-test.myshopify.com/admin/products/8406091235584/metafields",
    "definition_id": 17684627712,
    "definition": {
      "id": 17684627712,
      "name": "NOT_FOUND"
    }
  },
  {
    "label": "custom.volume",
    "admin_graphql_api_id": "gid://shopify/Metafield/25178957316352",
    "id": 25178957316352,
    "key": "volume",
    "namespace": "custom",
    "type": "volume",
    "rawValue": "{\"value\":12.0,\"unit\":\"MILLILITERS\"}",
    "created_at": "2024-02-20T22:17:07Z",
    "owner_type": "PRODUCT",
    "owner_id": 8406091235584,
    "owner": {
      "id": 8406091235584,
      "title": "NOT_FOUND"
    },
    "admin_url": "https://coda-pack-test.myshopify.com/admin/products/8406091235584/metafields",
    "definition_id": 17684594944,
    "definition": {
      "id": 17684594944,
      "name": "NOT_FOUND"
    }
  },
  {
    "label": "custom.url",
    "admin_graphql_api_id": "gid://shopify/Metafield/25179242660096",
    "id": 25179242660096,
    "key": "url",
    "namespace": "custom",
    "type": "url",
    "rawValue": "https://coda.io",
    "created_at": "2024-02-20T22:19:06Z",
    "owner_type": "PRODUCT",
    "owner_id": 8406091235584,
    "owner": {
      "id": 8406091235584,
      "title": "NOT_FOUND"
    },
    "admin_url": "https://coda-pack-test.myshopify.com/admin/products/8406091235584/metafields",
    "definition_id": 17684529408,
    "definition": {
      "id": 17684529408,
      "name": "NOT_FOUND"
    }
  },
  {
    "label": "custom.boolean",
    "admin_graphql_api_id": "gid://shopify/Metafield/25179651375360",
    "id": 25179651375360,
    "key": "boolean",
    "namespace": "custom",
    "type": "boolean",
    "rawValue": "true",
    "created_at": "2024-02-20T22:21:03Z",
    "owner_type": "PRODUCT",
    "owner_id": 8406091235584,
    "owner": {
      "id": 8406091235584,
      "title": "NOT_FOUND"
    },
    "admin_url": "https://coda-pack-test.myshopify.com/admin/products/8406091235584/metafields",
    "definition_id": 17683939584,
    "definition": {
      "id": 17683939584,
      "name": "NOT_FOUND"
    }
  },
  {
    "label": "custom.date_time",
    "admin_graphql_api_id": "gid://shopify/Metafield/25179652751616",
    "id": 25179652751616,
    "key": "date_time",
    "namespace": "custom",
    "type": "date_time",
    "rawValue": "2024-02-01T22:30:00+01:00",
    "created_at": "2024-02-20T22:21:22Z",
    "owner_type": "PRODUCT",
    "owner_id": 8406091235584,
    "owner": {
      "id": 8406091235584,
      "title": "NOT_FOUND"
    },
    "admin_url": "https://coda-pack-test.myshopify.com/admin/products/8406091235584/metafields",
    "definition_id": 17684037888,
    "definition": {
      "id": 17684037888,
      "name": "NOT_FOUND"
    }
  },
  {
    "label": "custom.date",
    "admin_graphql_api_id": "gid://shopify/Metafield/25179652784384",
    "id": 25179652784384,
    "key": "date",
    "namespace": "custom",
    "type": "date",
    "rawValue": "2024-01-03",
    "created_at": "2024-02-20T22:21:22Z",
    "owner_type": "PRODUCT",
    "owner_id": 8406091235584,
    "owner": {
      "id": 8406091235584,
      "title": "NOT_FOUND"
    },
    "admin_url": "https://coda-pack-test.myshopify.com/admin/products/8406091235584/metafields",
    "definition_id": 17684070656,
    "definition": {
      "id": 17684070656,
      "name": "NOT_FOUND"
    }
  },
  {
    "label": "custom.money",
    "admin_graphql_api_id": "gid://shopify/Metafield/25179685224704",
    "id": 25179685224704,
    "key": "money",
    "namespace": "custom",
    "type": "money",
    "rawValue": "{\"amount\":\"1000.00\",\"currency_code\":\"EUR\"}",
    "created_at": "2024-02-20T22:21:50Z",
    "owner_type": "PRODUCT",
    "owner_id": 8406091235584,
    "owner": {
      "id": 8406091235584,
      "title": "NOT_FOUND"
    },
    "admin_url": "https://coda-pack-test.myshopify.com/admin/products/8406091235584/metafields",
    "definition_id": 17684267264,
    "definition": {
      "id": 17684267264,
      "name": "NOT_FOUND"
    }
  },
  {
    "label": "custom.multi_line_text_field",
    "admin_graphql_api_id": "gid://shopify/Metafield/25179783495936",
    "id": 25179783495936,
    "key": "multi_line_text_field",
    "namespace": "custom",
    "type": "multi_line_text_field",
    "rawValue": "multiple\nlines\nof\ntext",
    "created_at": "2024-02-20T22:22:31Z",
    "owner_type": "PRODUCT",
    "owner_id": 8406091235584,
    "owner": {
      "id": 8406091235584,
      "title": "NOT_FOUND"
    },
    "admin_url": "https://coda-pack-test.myshopify.com/admin/products/8406091235584/metafields",
    "definition_id": 17684300032,
    "definition": {
      "id": 17684300032,
      "name": "NOT_FOUND"
    }
  },
  {
    "label": "custom.number_decimal",
    "admin_graphql_api_id": "gid://shopify/Metafield/25179783528704",
    "id": 25179783528704,
    "key": "number_decimal",
    "namespace": "custom",
    "type": "number_decimal",
    "rawValue": "154.112",
    "created_at": "2024-02-20T22:22:31Z",
    "owner_type": "PRODUCT",
    "owner_id": 8406091235584,
    "owner": {
      "id": 8406091235584,
      "title": "NOT_FOUND"
    },
    "admin_url": "https://coda-pack-test.myshopify.com/admin/products/8406091235584/metafields",
    "definition_id": 17684332800,
    "definition": {
      "id": 17684332800,
      "name": "NOT_FOUND"
    }
  },
  {
    "label": "custom.rating",
    "admin_graphql_api_id": "gid://shopify/Metafield/25179806597376",
    "id": 25179806597376,
    "key": "rating",
    "namespace": "custom",
    "type": "rating",
    "rawValue": "{\"scale_min\":\"0.0\",\"scale_max\":\"5.0\",\"value\":\"4.08\"}",
    "created_at": "2024-02-20T22:22:46Z",
    "owner_type": "PRODUCT",
    "owner_id": 8406091235584,
    "owner": {
      "id": 8406091235584,
      "title": "NOT_FOUND"
    },
    "admin_url": "https://coda-pack-test.myshopify.com/admin/products/8406091235584/metafields",
    "definition_id": 17684463872,
    "definition": {
      "id": 17684463872,
      "name": "NOT_FOUND"
    }
  },
  {
    "label": "custom.file_reference",
    "admin_graphql_api_id": "gid://shopify/Metafield/25179829272832",
    "id": 25179829272832,
    "key": "file_reference",
    "namespace": "custom",
    "type": "file_reference",
    "rawValue": "gid://shopify/MediaImage/32761422512384",
    "created_at": "2024-02-20T22:23:28Z",
    "owner_type": "PRODUCT",
    "owner_id": 8406091235584,
    "owner": {
      "id": 8406091235584,
      "title": "NOT_FOUND"
    },
    "admin_url": "https://coda-pack-test.myshopify.com/admin/products/8406091235584/metafields",
    "definition_id": 17684136192,
    "definition": {
      "id": 17684136192,
      "name": "NOT_FOUND"
    },
    "editFileReference": {
      "id": "gid://shopify/MediaImage/32761422512384",
      "name": "NOT_FOUND"
    }
  },
  {
    "label": "custom.page_reference",
    "admin_graphql_api_id": "gid://shopify/Metafield/25179839267072",
    "id": 25179839267072,
    "key": "page_reference",
    "namespace": "custom",
    "type": "page_reference",
    "rawValue": "gid://shopify/OnlineStorePage/106374332672",
    "created_at": "2024-02-20T22:23:44Z",
    "owner_type": "PRODUCT",
    "owner_id": 8406091235584,
    "owner": {
      "id": 8406091235584,
      "title": "NOT_FOUND"
    },
    "admin_url": "https://coda-pack-test.myshopify.com/admin/products/8406091235584/metafields",
    "definition_id": 17684398336,
    "definition": {
      "id": 17684398336,
      "name": "NOT_FOUND"
    },
    "editPageReference": {
      "id": 106374332672,
      "title": "NOT_FOUND"
    }
  },
  {
    "label": "custom.product_reference",
    "admin_graphql_api_id": "gid://shopify/Metafield/25179839299840",
    "id": 25179839299840,
    "key": "product_reference",
    "namespace": "custom",
    "type": "product_reference",
    "rawValue": "gid://shopify/Product/8406091038976",
    "created_at": "2024-02-20T22:23:44Z",
    "owner_type": "PRODUCT",
    "owner_id": 8406091235584,
    "owner": {
      "id": 8406091235584,
      "title": "NOT_FOUND"
    },
    "admin_url": "https://coda-pack-test.myshopify.com/admin/products/8406091235584/metafields",
    "definition_id": 17684431104,
    "definition": {
      "id": 17684431104,
      "name": "NOT_FOUND"
    },
    "editProductReference": {
      "id": 8406091038976,
      "title": "NOT_FOUND"
    }
  },
  {
    "label": "global.description_tag",
    "admin_graphql_api_id": "gid://shopify/Metafield/25179876950272",
    "id": 25179876950272,
    "key": "description_tag",
    "namespace": "global",
    "type": "single_line_text_field",
    "rawValue": "Test meta description for product",
    "created_at": "2024-02-20T22:24:12Z",
    "owner_type": "PRODUCT",
    "owner_id": 8406091235584,
    "owner": {
      "id": 8406091235584,
      "title": "NOT_FOUND"
    },
    "admin_url": "https://coda-pack-test.myshopify.com/admin/products/8406091235584/metafields/unstructured"
  },
  {
    "label": "global.title_tag",
    "admin_graphql_api_id": "gid://shopify/Metafield/25179876983040",
    "id": 25179876983040,
    "key": "title_tag",
    "namespace": "global",
    "type": "single_line_text_field",
    "rawValue": "Test meta title for product",
    "created_at": "2024-02-20T22:24:12Z",
    "owner_type": "PRODUCT",
    "owner_id": 8406091235584,
    "owner": {
      "id": 8406091235584,
      "title": "NOT_FOUND"
    },
    "admin_url": "https://coda-pack-test.myshopify.com/admin/products/8406091235584/metafields/unstructured"
  },
  {
    "label": "custom.mixed_reference",
    "admin_graphql_api_id": "gid://shopify/Metafield/25220364468480",
    "id": 25220364468480,
    "key": "mixed_reference",
    "namespace": "custom",
    "type": "mixed_reference",
    "rawValue": "gid://shopify/Metaobject/49393172736",
    "created_at": "2024-02-25T22:12:17Z",
    "owner_type": "PRODUCT",
    "owner_id": 8406091235584,
    "owner": {
      "id": 8406091235584,
      "title": "NOT_FOUND"
    },
    "admin_url": "https://coda-pack-test.myshopify.com/admin/products/8406091235584/metafields",
    "definition_id": 17684234496,
    "definition": {
      "id": 17684234496,
      "name": "NOT_FOUND"
    }
  },
  {
    "label": "custom.color",
    "admin_graphql_api_id": "gid://shopify/Metafield/25962929160448",
    "id": 25962929160448,
    "key": "color",
    "namespace": "custom",
    "type": "color",
    "rawValue": "#a75151",
    "created_at": "2024-03-27T21:39:40Z",
    "owner_type": "PRODUCT",
    "owner_id": 8406091235584,
    "owner": {
      "id": 8406091235584,
      "title": "NOT_FOUND"
    },
    "admin_url": "https://coda-pack-test.myshopify.com/admin/products/8406091235584/metafields",
    "definition_id": 17684005120,
    "definition": {
      "id": 17684005120,
      "name": "NOT_FOUND"
    }
  },
  {
    "label": "custom.collection_reference",
    "admin_graphql_api_id": "gid://shopify/Metafield/25967598534912",
    "id": 25967598534912,
    "key": "collection_reference",
    "namespace": "custom",
    "type": "collection_reference",
    "rawValue": "gid://shopify/Collection/413087269120",
    "created_at": "2024-03-28T07:58:47Z",
    "owner_type": "PRODUCT",
    "owner_id": 8406091235584,
    "owner": {
      "id": 8406091235584,
      "title": "NOT_FOUND"
    },
    "admin_url": "https://coda-pack-test.myshopify.com/admin/products/8406091235584/metafields",
    "definition_id": 17683972352,
    "definition": {
      "id": 17683972352,
      "name": "NOT_FOUND"
    },
    "editCollectionReference": {
      "id": 413087269120,
      "title": "NOT_FOUND"
    }
  },
  {
    "label": "custom.number_integer",
    "admin_graphql_api_id": "gid://shopify/Metafield/25974054813952",
    "id": 25974054813952,
    "key": "number_integer",
    "namespace": "custom",
    "type": "number_integer",
    "rawValue": "19",
    "created_at": "2024-03-28T15:10:21Z",
    "owner_type": "PRODUCT",
    "owner_id": 8406091235584,
    "owner": {
      "id": 8406091235584,
      "title": "NOT_FOUND"
    },
    "admin_url": "https://coda-pack-test.myshopify.com/admin/products/8406091235584/metafields",
    "definition_id": 17684365568,
    "definition": {
      "id": 17684365568,
      "name": "NOT_FOUND"
    }
  },
  {
    "label": "custom.list_variant_reference",
    "admin_graphql_api_id": "gid://shopify/Metafield/26493801267456",
    "id": 26493801267456,
    "key": "list_variant_reference",
    "namespace": "custom",
    "type": "list.variant_reference",
    "rawValue": "[\"gid://shopify/ProductVariant/44365631553792\",\"gid://shopify/ProductVariant/44365631586560\"]",
    "created_at": "2024-04-18T12:57:23Z",
    "owner_type": "PRODUCT",
    "owner_id": 8406091235584,
    "owner": {
      "id": 8406091235584,
      "title": "NOT_FOUND"
    },
    "admin_url": "https://coda-pack-test.myshopify.com/admin/products/8406091235584/metafields",
    "definition_id": 17685119232,
    "definition": {
      "id": 17685119232,
      "name": "NOT_FOUND"
    },
    "editProductVariantReferenceList": [
      {
        "id": 44365631553792,
        "title": "NOT_FOUND"
      },
      {
        "id": 44365631586560,
        "title": "NOT_FOUND"
      }
    ]
  },
  {
    "label": "custom.variant_reference",
    "admin_graphql_api_id": "gid://shopify/Metafield/26501022908672",
    "id": 26501022908672,
    "key": "variant_reference",
    "namespace": "custom",
    "type": "variant_reference",
    "rawValue": "gid://shopify/ProductVariant/44365631881472",
    "created_at": "2024-04-18T22:03:11Z",
    "owner_type": "PRODUCT",
    "owner_id": 8406091235584,
    "owner": {
      "id": 8406091235584,
      "title": "NOT_FOUND"
    },
    "admin_url": "https://coda-pack-test.myshopify.com/admin/products/8406091235584/metafields",
    "definition_id": 17684562176,
    "definition": {
      "id": 17684562176,
      "name": "NOT_FOUND"
    },
    "editProductVariantReference": {
      "id": 44365631881472,
      "title": "NOT_FOUND"
    }
  },
  {
    "label": "custom.list_page_reference",
    "admin_graphql_api_id": "gid://shopify/Metafield/26532444176640",
    "id": 26532444176640,
    "key": "list_page_reference",
    "namespace": "custom",
    "type": "list.page_reference",
    "rawValue": "[\"gid://shopify/OnlineStorePage/106374332672\"]",
    "created_at": "2024-04-20T20:57:53Z",
    "owner_type": "PRODUCT",
    "owner_id": 8406091235584,
    "owner": {
      "id": 8406091235584,
      "title": "NOT_FOUND"
    },
    "admin_url": "https://coda-pack-test.myshopify.com/admin/products/8406091235584/metafields",
    "definition_id": 17684955392,
    "definition": {
      "id": 17684955392,
      "name": "NOT_FOUND"
    },
    "editPageReferenceList": [
      {
        "id": 106374332672,
        "title": "NOT_FOUND"
      }
    ]
  },
  {
    "label": "custom.boolean",
    "admin_graphql_api_id": "gid://shopify/Metafield/25179901526272",
    "id": 25179901526272,
    "key": "boolean",
    "namespace": "custom",
    "type": "boolean",
    "rawValue": "true",
    "created_at": "2024-02-20T22:24:38Z",
    "owner_type": "PRODUCT",
    "owner_id": 8406091235584,
    "owner": {
      "id": 8406091235584,
      "title": "NOT_FOUND"
    },
    "admin_url": "https://coda-pack-test.myshopify.com/admin/products/8406091235584/metafields",
    "definition_id": 17683939584,
    "definition": {
      "id": 17683939584,
      "name": "NOT_FOUND"
    }
  },
  {
    "label": "custom.date_time",
    "admin_graphql_api_id": "gid://shopify/Metafield/25179903099136",
    "id": 25179903099136,
    "key": "date_time",
    "namespace": "custom",
    "type": "date_time",
    "rawValue": "2024-01-03T01:30:00+01:00",
    "created_at": "2024-02-20T22:25:00Z",
    "owner_type": "PRODUCT",
    "owner_id": 8406091235584,
    "owner": {
      "id": 8406091235584,
      "title": "NOT_FOUND"
    },
    "admin_url": "https://coda-pack-test.myshopify.com/admin/products/8406091235584/metafields",
    "definition_id": 17684037888,
    "definition": {
      "id": 17684037888,
      "name": "NOT_FOUND"
    }
  },
  {
    "label": "global.description_tag",
    "admin_graphql_api_id": "gid://shopify/Metafield/25730257256704",
    "id": 25730257256704,
    "key": "description_tag",
    "namespace": "global",
    "type": "single_line_text_field",
    "rawValue": "test description",
    "created_at": "2024-03-15T11:47:32Z",
    "owner_type": "PRODUCT",
    "owner_id": 8406091235584,
    "owner": {
      "id": 8406091235584,
      "title": "NOT_FOUND"
    },
    "admin_url": "https://coda-pack-test.myshopify.com/admin/products/8406091235584/metafields/unstructured"
  },
  {
    "label": "global.title_tag",
    "admin_graphql_api_id": "gid://shopify/Metafield/25730257289472",
    "id": 25730257289472,
    "key": "title_tag",
    "namespace": "global",
    "type": "single_line_text_field",
    "rawValue": "vitest",
    "created_at": "2024-03-15T11:47:32Z",
    "owner_type": "PRODUCT",
    "owner_id": 8406091235584,
    "owner": {
      "id": 8406091235584,
      "title": "NOT_FOUND"
    },
    "admin_url": "https://coda-pack-test.myshopify.com/admin/products/8406091235584/metafields/unstructured"
  },
  {
    "label": "custom.color",
    "admin_graphql_api_id": "gid://shopify/Metafield/26946637824256",
    "id": 26946637824256,
    "key": "color",
    "namespace": "custom",
    "type": "color",
    "rawValue": "#cccccc",
    "created_at": "2024-06-01T22:33:22Z",
    "owner_type": "PRODUCT",
    "owner_id": 8406091235584,
    "owner": {
      "id": 8406091235584,
      "title": "NOT_FOUND"
    },
    "admin_url": "https://coda-pack-test.myshopify.com/admin/products/8406091235584/metafields",
    "definition_id": 17684005120,
    "definition": {
      "id": 17684005120,
      "name": "NOT_FOUND"
    }
  },
  {
    "label": "custom.single_line_text_field",
    "admin_graphql_api_id": "gid://shopify/Metafield/26369217036544",
    "id": 26369217036544,
    "key": "single_line_text_field",
    "namespace": "custom",
    "type": "single_line_text_field",
    "rawValue": "test",
    "created_at": "2024-04-10T11:34:00Z",
    "owner_type": "PRODUCT",
    "owner_id": 8406091235584,
    "owner": {
      "id": 8406091235584,
      "title": "NOT_FOUND"
    },
    "admin_url": "https://coda-pack-test.myshopify.com/admin/products/8406091235584/metafields",
    "definition_id": 17683906816,
    "definition": {
      "id": 17683906816,
      "name": "NOT_FOUND"
    }
  },
  {
    "label": "custom.money",
    "admin_graphql_api_id": "gid://shopify/Metafield/26950347555072",
    "id": 26950347555072,
    "key": "money",
    "namespace": "custom",
    "type": "money",
    "rawValue": "{\"amount\":\"612.00\",\"currency_code\":\"EUR\"}",
    "created_at": "2024-06-02T12:30:15Z",
    "owner_type": "PRODUCT",
    "owner_id": 8406091235584,
    "owner": {
      "id": 8406091235584,
      "title": "NOT_FOUND"
    },
    "admin_url": "https://coda-pack-test.myshopify.com/admin/products/8406091235584/metafields/unstructured"
  },
  {
    "label": "custom.money",
    "admin_graphql_api_id": "gid://shopify/Metafield/26950556778752",
    "id": 26950556778752,
    "key": "money",
    "namespace": "custom",
    "type": "money",
    "rawValue": "{\"amount\":\"6120.00\",\"currency_code\":\"EUR\"}",
    "created_at": "2024-06-02T13:31:16Z",
    "owner_type": "PRODUCT",
    "owner_id": 8406091235584,
    "owner": {
      "id": 8406091235584,
      "title": "NOT_FOUND"
    },
    "admin_url": "https://coda-pack-test.myshopify.com/admin/products/8406091235584/metafields",
    "definition_id": 17684267264,
    "definition": {
      "id": 17684267264,
      "name": "NOT_FOUND"
    }
  }
]