{
  "Id": 417021952256,
  "Path": "/vitest",
  "Target": "https://coda.io/",
  "AdminUrl": "https://coda-pack-test.myshopify.com/admin/redirects/417021952256",
  "TestUrl": "https://coda-pack-test.myshopify.com/vitest"
}