{
  "Id": 69054005504,
  "Name": "Coda pack test",
  "Email": "martin.portevin@gmail.com",
  "Domain": "coda-pack-test.myshopify.com",
  "Province": null,
  "Country": "FR",
  "Address1": null,
  "Zip": null,
  "City": null,
  "Source": null,
  "Phone": null,
  "Longitude": null,
  "Latitude": null,
  "PrimaryLocale": "en",
  "Address2": null,
  "CreatedAt": "2024-02-20T13:18:07-05:00",
  "CountryCode": "FR",
  "CountryName": "France",
  "Currency": "EUR",
  "CustomerEmail": "martin.portevin@gmail.com",
  "Timezone": "(GMT-05:00) America/New_York",
  "IanaTimezone": "America/New_York",
  "ShopOwner": "Martin Portevin [DEV]",
  "MoneyFormat": "€{{amount_with_comma_separator}}",
  "MoneyWithCurrencyFormat": "€{{amount_with_comma_separator}} EUR",
  "WeightUnit": "kg",
  "ProvinceCode": null,
  "TaxesIncluded": true,
  "CountyTaxes": true,
  "PlanDisplayName": "Development",
  "PlanName": "affiliate",
  "HasDiscounts": true,
  "HasGiftCards": false,
  "MyshopifyDomain": "coda-pack-test.myshopify.com",
  "GoogleAppsDomain": null,
  "MoneyInEmailsFormat": "€{{amount_with_comma_separator}}",
  "MoneyWithCurrencyInEmailsFormat": "€{{amount_with_comma_separator}} EUR",
  "EligibleForPayments": true,
  "RequiresExtraPaymentsAgreement": false,
  "PasswordEnabled": true,
  "HasStorefront": true,
  "CheckoutApiSupported": true,
  "SetupRequired": false,
  "PreLaunchEnabled": false,
  "EnabledPresentmentCurrencies": [
    "EUR"
  ],
  "TransactionalSmsDisabled": false,
  "MarketingSmsConsentEnabledAtCheckout": false,
  "AdminUrl": "https://coda-pack-test.myshopify.com/admin"
}