{
  "Barcode": "123456789",
  "Id": 44365639713024,
  "Position": 1,
  "Price": 50,
  "Sku": "vitest",
  "Taxable": true,
  "Title": "Vitest / ProductVariant",
  "GraphqlGid": "gid://shopify/ProductVariant/44365639713024",
  "CompareAtPrice": 60,
  "CreatedAt": "2024-02-20T18:22:14Z",
  "DisplayTitle": "Vitest Product - Vitest / ProductVariant",
  "InventoryPolicy": "DENY",
  "InventoryQuantity": 12,
  "TaxCode": null,
  "InventoryItemId": 46469099815168,
  "Option1": "Vitest",
  "Option2": "ProductVariant",
  "Option3": null,
  "Weight": 850,
  "WeightUnit": "g",
  "Grams": 850,
  "AdminUrl": "https://coda-pack-test.myshopify.com/admin/products/8406091333888/variants/44365639713024",
  "ProductId": 8406091333888,
  "Product": {
    "Id": 8406091333888,
    "Title": "NOT_FOUND"
  }
}