{
  "Id": 589065715968,
  "Title": "Vitest",
  "BodyHtml": "<p>test body html</p>",
  "BlogId": 91627159808,
  "Author": "Martin",
  "UserId": null,
  "PublishedAt": "2024-05-12T13:39:52-04:00",
  "SummaryHtml": "<p>summary_html test</p>",
  "TemplateSuffix": null,
  "Handle": "vitest",
  "Tags": "tag1, tag2",
  "GraphqlGid": "gid://shopify/OnlineStoreArticle/589065715968",
  "AdminUrl": "https://coda-pack-test.myshopify.com/admin/articles/589065715968",
  "Body": "test body html",
  "Published": true,
  "Summary": "summary_html test",
  "ImageAltText": "alt text",
  "ImageUrl": "https://cdn.shopify.com/s/files/1/0690/5400/5504/articles/9908191.png?v=1719056218",
  "Blog": {
    "Id": 91627159808,
    "Title": "NOT_FOUND"
  }
}