[
  {
    "Id": 35236133667072,
    "CollectionId": 413874323712,
    "ProductId": 8406091235584,
    "Position": 2,
    "Collection": {
      "Id": 413874323712,
      "Title": "NOT_FOUND"
    },
    "Product": {
      "Id": 8406091235584,
      "Title": "NOT_FOUND"
    }
  },
  {
    "Id": 35236131275008,
    "CollectionId": 413874323712,
    "ProductId": 8406088646912,
    "Position": 1,
    "Collection": {
      "Id": 413874323712,
      "Title": "NOT_FOUND"
    },
    "Product": {
      "Id": 8406088646912,
      "Title": "NOT_FOUND"
    }
  }
]