[
  {
    "id": 1143039000832,
    "note": "A test note",
    "email": "test@example.com",
    "taxes_included": true,
    "currency": "EUR",
    "invoice_sent_at": null,
    "tax_exempt": false,
    "completed_at": "2024-04-11T12:59:09-04:00",
    "name": "#D7",
    "status": "completed",
    "invoice_url": "https://coda-pack-test.myshopify.com/69054005504/invoices/c8965e213b4a88393cb5d29f6737b793",
    "applied_discount": null,
    "shipping_line": null,
    "tax_lines": [],
    "tags": "tag, tag2, tag3",
    "note_attributes": [],
    "total_price": 893.95,
    "subtotal_price": 893.95,
    "total_tax": 0,
    "payment_terms": null,
    "admin_graphql_api_id": "gid://shopify/DraftOrder/1143039000832",
    "admin_url": "https://coda-pack-test.myshopify.com/admin/draft_orders/1143039000832",
    "line_items": [
      {
        "id": 58328973574400,
        "variant_id": 44365639614720,
        "product_id": 8406091235584,
        "title": "ADIDAS | CLASSIC BACKPACK",
        "variant_title": "OS / black",
        "sku": "AD-03-black-OS",
        "vendor": "ADIDAS",
        "quantity": 1,
        "requires_shipping": true,
        "taxable": true,
        "gift_card": false,
        "fulfillment_service": "manual",
        "grams": 555000,
        "tax_lines": [],
        "applied_discount": null,
        "name": "ADIDAS | CLASSIC BACKPACK - OS / black",
        "properties": [],
        "custom": false,
        "price": 454,
        "admin_graphql_api_id": "gid://shopify/DraftOrderLineItem/58328973574400"
      },
      {
        "id": 58328973607168,
        "variant_id": 44365638172928,
        "product_id": 8406090383616,
        "title": "CONVERSE | CHUCK TAYLOR ALL STAR II HI",
        "variant_title": "6 / black",
        "sku": "C-02-black-6",
        "vendor": "CONVERSE",
        "quantity": 1,
        "requires_shipping": true,
        "taxable": true,
        "gift_card": false,
        "fulfillment_service": "manual",
        "grams": 0,
        "tax_lines": [],
        "applied_discount": null,
        "name": "CONVERSE | CHUCK TAYLOR ALL STAR II HI - 6 / black",
        "properties": [],
        "custom": false,
        "price": 140,
        "admin_graphql_api_id": "gid://shopify/DraftOrderLineItem/58328973607168"
      },
      {
        "id": 58328973639936,
        "variant_id": 44365635977472,
        "product_id": 8406089629952,
        "title": "TIMBERLAND | MENS 6 INCH PREMIUM BOOT",
        "variant_title": "11 / yellow",
        "sku": "TM-01-yellow-11",
        "vendor": "TIMBERLAND",
        "quantity": 1,
        "requires_shipping": true,
        "taxable": true,
        "gift_card": false,
        "fulfillment_service": "manual",
        "grams": 0,
        "tax_lines": [],
        "applied_discount": null,
        "name": "TIMBERLAND | MENS 6 INCH PREMIUM BOOT - 11 / yellow",
        "properties": [],
        "custom": false,
        "price": 299.95,
        "admin_graphql_api_id": "gid://shopify/DraftOrderLineItem/58328973639936"
      }
    ],
    "order_id": 5586624381184,
    "billing_address": {
      "display": "Martin Portevin, 3 Rue Fleischhauer, Colmar, France",
      "latitude": 48.084281,
      "longitude": 7.3592755,
      "first_name": "Martin",
      "address1": "3 Rue Fleischhauer",
      "phone": null,
      "city": "Colmar",
      "zip": "68000",
      "province": null,
      "country": "France",
      "last_name": "Portevin",
      "address2": null,
      "company": null,
      "name": "Martin Portevin",
      "country_code": "FR",
      "province_code": null
    },
    "shipping_address": {
      "display": "Martin Portevin, 3 Rue Fleischhauer, Colmar, France",
      "latitude": 48.084281,
      "longitude": 7.3592755,
      "first_name": "Martin",
      "address1": "3 Rue Fleischhauer",
      "phone": null,
      "city": "Colmar",
      "zip": "68000",
      "province": null,
      "country": "France",
      "last_name": "Portevin",
      "address2": null,
      "company": null,
      "name": "Martin Portevin",
      "country_code": "FR",
      "province_code": null
    },
    "customer": {
      "id": 7203930865920,
      "display": "Martin Portevin"
    },
    "order": {
      "id": 5586624381184,
      "name": "NOT_FOUND"
    }
  }
]