[
  {
    "label": "global.title_tag",
    "admin_graphql_api_id": "gid://shopify/Metafield/25179876983040",
    "id": 25179876983040,
    "key": "title_tag",
    "namespace": "global",
    "type": "single_line_text_field",
    "rawValue": "Test meta title for product",
    "owner_type": "PRODUCT",
    "owner_id": 8406091235584,
    "owner": {
      "id": 8406091235584,
      "title": "NOT_FOUND"
    },
    "admin_url": "https://coda-pack-test.myshopify.com/admin/products/8406091235584/metafields/unstructured"
  }
]