[
  {
    "UniqueId": "110915846400,46469091655936",
    "InventoryItemId": 46469091655936,
    "LocationId": 74534912256,
    "VariantId": 44365631553792,
    "Available": 95,
    "Committed": 0,
    "Damaged": 63,
    "Incoming": 0,
    "OnHand": 183,
    "QualityControl": -10,
    "Reserved": 35,
    "SafetyStock": 0,
    "Location": {
      "Id": 74534912256,
      "Name": "NOT_FOUND"
    },
    "InventoryHistoryUrl": "https://coda-pack-test.myshopify.com/admin/products/inventory/46469091655936/inventory_history?location_id=74534912256",
    "Variant": {
      "Id": 44365631553792,
      "Title": "NOT_FOUND"
    }
  },
  {
    "UniqueId": "110915846400,46469091688704",
    "InventoryItemId": 46469091688704,
    "LocationId": 74534912256,
    "VariantId": 44365631586560,
    "Available": 3,
    "Committed": 0,
    "Damaged": 0,
    "Incoming": 0,
    "OnHand": 3,
    "QualityControl": 0,
    "Reserved": 0,
    "SafetyStock": 0,
    "Location": {
      "Id": 74534912256,
      "Name": "NOT_FOUND"
    },
    "InventoryHistoryUrl": "https://coda-pack-test.myshopify.com/admin/products/inventory/46469091688704/inventory_history?location_id=74534912256",
    "Variant": {
      "Id": 44365631586560,
      "Title": "NOT_FOUND"
    }
  },
  {
    "UniqueId": "110915846400,46469091721472",
    "InventoryItemId": 46469091721472,
    "LocationId": 74534912256,
    "VariantId": 44365631619328,
    "Available": 15,
    "Committed": 0,
    "Damaged": 0,
    "Incoming": 0,
    "OnHand": 15,
    "QualityControl": 0,
    "Reserved": 0,
    "SafetyStock": 0,
    "Location": {
      "Id": 74534912256,
      "Name": "NOT_FOUND"
    },
    "InventoryHistoryUrl": "https://coda-pack-test.myshopify.com/admin/products/inventory/46469091721472/inventory_history?location_id=74534912256",
    "Variant": {
      "Id": 44365631619328,
      "Title": "NOT_FOUND"
    }
  },
  {
    "UniqueId": "110915846400,46469091983616",
    "InventoryItemId": 46469091983616,
    "LocationId": 74534912256,
    "VariantId": 44365631881472,
    "Available": 20,
    "Committed": 0,
    "Damaged": 0,
    "Incoming": 0,
    "OnHand": 20,
    "QualityControl": 0,
    "Reserved": 0,
    "SafetyStock": 0,
    "Location": {
      "Id": 74534912256,
      "Name": "NOT_FOUND"
    },
    "InventoryHistoryUrl": "https://coda-pack-test.myshopify.com/admin/products/inventory/46469091983616/inventory_history?location_id=74534912256",
    "Variant": {
      "Id": 44365631881472,
      "Title": "NOT_FOUND"
    }
  },
  {
    "UniqueId": "110915846400,46469092016384",
    "InventoryItemId": 46469092016384,
    "LocationId": 74534912256,
    "VariantId": 44365631914240,
    "Available": 17,
    "Committed": 0,
    "Damaged": 0,
    "Incoming": 0,
    "OnHand": 17,
    "QualityControl": 0,
    "Reserved": 0,
    "SafetyStock": 0,
    "Location": {
      "Id": 74534912256,
      "Name": "NOT_FOUND"
    },
    "InventoryHistoryUrl": "https://coda-pack-test.myshopify.com/admin/products/inventory/46469092016384/inventory_history?location_id=74534912256",
    "Variant": {
      "Id": 44365631914240,
      "Title": "NOT_FOUND"
    }
  }
]