{
  "Id": 8406091333888,
  "Title": "Vitest Product",
  "AdminUrl": "https://coda-pack-test.myshopify.com/admin/products/8406091333888",
  "Body": "The adidas BP Classic Cap features a pre-curved brim to keep your face shaded, while a hook-and-loop adjustable closure provides a comfortable fit. With a 3-Stripes design and reflective accents. The perfect piece to top off any outfit.",
  "BodyHtml": "The adidas BP Classic Cap features a pre-curved brim to keep your face shaded, while a hook-and-loop adjustable closure provides a comfortable fit. With a 3-Stripes design and reflective accents. The perfect piece to top off any outfit.",
  "Status": "ACTIVE",
  "GraphqlGid": "gid://shopify/Product/8406091333888",
  "PublishedAt": "2024-03-14T12:44:36Z",
  "Handle": "vitest-product",
  "ProductType": "TEST",
  "Tags": "adidas, backpack, egnition-sample-data",
  "TemplateSuffix": null,
  "Vendor": "ADIDAS",
  "StoreUrl": null,
  "FeaturedImage": "https://cdn.shopify.com/s/files/1/0690/5400/5504/files/8072c8b5718306d4be25aac21836ce16_4f2bddbf-7c4a-440e-b5a4-062301677092.jpg?v=1714950660",
  "GiftCard": false,
  "Options": "Size,Color",
  "Images": [
    "https://cdn.shopify.com/s/files/1/0690/5400/5504/files/8072c8b5718306d4be25aac21836ce16_4f2bddbf-7c4a-440e-b5a4-062301677092.jpg?v=1714950660",
    "https://cdn.shopify.com/s/files/1/0690/5400/5504/files/32b3863554f4686d825d9da18a24cfc6_8424182b-46f7-432b-8878-6d6bfbd35d8d.jpg?v=1714950660",
    "https://cdn.shopify.com/s/files/1/0690/5400/5504/files/044f848776141f1024eae6c610a28d12_64565eed-14b5-4b9c-ae48-e4857e2b994b.jpg?v=1714950660"
  ]
}